// Jest Snapshot v1, https://goo.gl/fbAQLP

exports[`should call onChange when file is uploaded 1`] = `
Array [
  Object {
    "query": Object {
      "definitions": Array [
        Object {
          "directives": Array [],
          "kind": "OperationDefinition",
          "name": Object {
            "kind": "Name",
            "value": "FileUploadInfo",
          },
          "operation": "query",
          "selectionSet": Object {
            "kind": "SelectionSet",
            "selections": Array [
              Object {
                "alias": undefined,
                "arguments": Array [],
                "directives": Array [],
                "kind": "Field",
                "name": Object {
                  "kind": "Name",
                  "value": "fileUploadInfo",
                },
                "selectionSet": Object {
                  "kind": "SelectionSet",
                  "selections": Array [
                    Object {
                      "alias": undefined,
                      "arguments": Array [],
                      "directives": Array [],
                      "kind": "Field",
                      "name": Object {
                        "kind": "Name",
                        "value": "policy",
                      },
                      "selectionSet": undefined,
                    },
                    Object {
                      "alias": undefined,
                      "arguments": Array [],
                      "directives": Array [],
                      "kind": "Field",
                      "name": Object {
                        "kind": "Name",
                        "value": "signature",
                      },
                      "selectionSet": undefined,
                    },
                    Object {
                      "alias": undefined,
                      "arguments": Array [],
                      "directives": Array [],
                      "kind": "Field",
                      "name": Object {
                        "kind": "Name",
                        "value": "apiKey",
                      },
                      "selectionSet": undefined,
                    },
                    Object {
                      "alias": undefined,
                      "arguments": Array [],
                      "directives": Array [],
                      "kind": "Field",
                      "name": Object {
                        "kind": "Name",
                        "value": "path",
                      },
                      "selectionSet": undefined,
                    },
                  ],
                },
              },
            ],
          },
          "variableDefinitions": Array [],
        },
      ],
      "kind": "Document",
      "loc": Object {
        "end": 110,
        "start": 0,
      },
    },
  },
]
`;
